login as: root
Authenticating with public key "hp@LAPTOP-F6C0KDM9"
Welcome to Ubuntu 20.04.4 LTS (GNU/Linux 5.4.0-54-generic x86_64)

 * Documentation:  https://help.ubuntu.com
 * Management:     https://landscape.canonical.com
 * Support:        https://ubuntu.com/advantage

  System information as of Mon Apr 25 07:12:31 UTC 2022

  System load:           0.0
  Usage of /:            6.6% of 38.60GB
  Memory usage:          28%
  Swap usage:            0%
  Processes:             112
  Users logged in:       0
  IPv4 address for ens3: 216.155.42.181
  IPv6 address for ens3: 2a04:e00:12:1:f816:3eff:fe65:add3

 * Super-optimized for small spaces - read how we shrank the memory
   footprint of MicroK8s to make it the smallest full K8s around.

   https://ubuntu.com/blog/microk8s-memory-optimisation

5 updates can be applied immediately.
To see these additional updates run: apt list --upgradable


*** System restart required ***
Last login: Mon Apr 25 07:06:55 2022 from 49.37.42.241
root@jyotiranjan-vm-donotdelete:~#
root@jyotiranjan-vm-donotdelete:~#
root@jyotiranjan-vm-donotdelete:~#
root@jyotiranjan-vm-donotdelete:~#
root@jyotiranjan-vm-donotdelete:~#
root@jyotiranjan-vm-donotdelete:~# ansible --version
ansible 2.9.6
  config file = /root/.ansible.cfg
  configured module search path = ['/root/.ansible/plugins/modules', '/usr/share/ansible/plugins/modules']
  ansible python module location = /usr/lib/python3/dist-packages/ansible
  executable location = /usr/bin/ansible
  python version = 3.8.10 (default, Mar 15 2022, 12:22:08) [GCC 9.4.0]
root@jyotiranjan-vm-donotdelete:~#
root@jyotiranjan-vm-donotdelete:~#
root@jyotiranjan-vm-donotdelete:~# ansible web --list-hosts
  hosts (2):
    206.246.74.98
    104.200.136.238
root@jyotiranjan-vm-donotdelete:~#
root@jyotiranjan-vm-donotdelete:~#
root@jyotiranjan-vm-donotdelete:~# ansible dev --list-hosts
  hosts (3):
    216.155.42.181
    206.246.74.98
    104.200.136.238
root@jyotiranjan-vm-donotdelete:~#
root@jyotiranjan-vm-donotdelete:~#
root@jyotiranjan-vm-donotdelete:~#
root@jyotiranjan-vm-donotdelete:~# ansible web:dev --list-hosts
  hosts (3):
    206.246.74.98
    104.200.136.238
    216.155.42.181
root@jyotiranjan-vm-donotdelete:~#
root@jyotiranjan-vm-donotdelete:~#
root@jyotiranjan-vm-donotdelete:~#
root@jyotiranjan-vm-donotdelete:~#  ls -a
.  ..  .ansible  .ansible.cfg  .bash_history  .bashrc  .cache  .gitconfig  .profile  .ssh  .viminfo  abc  inventory  snap  test  yamlfile
root@jyotiranjan-vm-donotdelete:~#
root@jyotiranjan-vm-donotdelete:~#
root@jyotiranjan-vm-donotdelete:~# ls -la
total 92
drwx------  8 root root  4096 Apr 22 10:23 .
drwxr-xr-x 19 root root  4096 Apr  4 06:56 ..
drwxr-xr-x  4 root root  4096 Apr  4 08:23 .ansible
-rw-r--r--  1 root root 20019 Apr 22 10:23 .ansible.cfg
-rw-------  1 root root  8072 Apr 25 07:07 .bash_history
-rw-r--r--  1 root root  3106 Dec  5  2019 .bashrc
drwx------  2 root root  4096 Apr  4 06:56 .cache
-rw-r--r--  1 root root    56 Apr 12 09:50 .gitconfig
-rw-r--r--  1 root root   161 Dec  5  2019 .profile
drwx------  2 root root  4096 Apr  4 06:56 .ssh
-rw-------  1 root root 11316 Apr 22 10:23 .viminfo
-rw-r--r--  1 root root    27 Apr 12 10:35 abc
drwxr-xr-x  2 root root  4096 Apr 22 09:17 inventory
drwxr-xr-x  3 root root  4096 Apr  4 06:56 snap
-rw-r--r--  1 root root    11 Apr 10 11:24 test
drwxr-xr-x  2 root root  4096 Apr  6 11:14 yamlfile
root@jyotiranjan-vm-donotdelete:~#
root@jyotiranjan-vm-donotdelete:~#
root@jyotiranjan-vm-donotdelete:~# pwd
/root
root@jyotiranjan-vm-donotdelete:~#
root@jyotiranjan-vm-donotdelete:~#
root@jyotiranjan-vm-donotdelete:~# mkdir ansible_practice
root@jyotiranjan-vm-donotdelete:~#
root@jyotiranjan-vm-donotdelete:~#
root@jyotiranjan-vm-donotdelete:~#
root@jyotiranjan-vm-donotdelete:~#
root@jyotiranjan-vm-donotdelete:~# cp /etc/ansible/ansible.cfg ansible_practice/
root@jyotiranjan-vm-donotdelete:~#
root@jyotiranjan-vm-donotdelete:~#
root@jyotiranjan-vm-donotdelete:~# ansible --version
ansible 2.9.6
  config file = /root/.ansible.cfg
  configured module search path = ['/root/.ansible/plugins/modules', '/usr/share/ansible/plugins/modules']
  ansible python module location = /usr/lib/python3/dist-packages/ansible
  executable location = /usr/bin/ansible
  python version = 3.8.10 (default, Mar 15 2022, 12:22:08) [GCC 9.4.0]
root@jyotiranjan-vm-donotdelete:~#
root@jyotiranjan-vm-donotdelete:~#
root@jyotiranjan-vm-donotdelete:~# cd ansible_practice/
root@jyotiranjan-vm-donotdelete:~/ansible_practice#
root@jyotiranjan-vm-donotdelete:~/ansible_practice#
root@jyotiranjan-vm-donotdelete:~/ansible_practice# ansible ansible.cfg
[WARNING]: Could not match supplied host pattern, ignoring: ansible.cfg
[WARNING]: No hosts matched, nothing to do
usage: ansible [-h] [--version] [-v] [-b] [--become-method BECOME_METHOD] [--become-user BECOME_USER] [-K] [-i INVENTORY] [--list-hosts] [-l SUBSET]
               [-P POLL_INTERVAL] [-B SECONDS] [-o] [-t TREE] [-k] [--private-key PRIVATE_KEY_FILE] [-u REMOTE_USER] [-c CONNECTION] [-T TIMEOUT]
               [--ssh-common-args SSH_COMMON_ARGS] [--sftp-extra-args SFTP_EXTRA_ARGS] [--scp-extra-args SCP_EXTRA_ARGS] [--ssh-extra-args SSH_EXTRA_ARGS]
               [-C] [--syntax-check] [-D] [-e EXTRA_VARS] [--vault-id VAULT_IDS] [--ask-vault-pass | --vault-password-file VAULT_PASSWORD_FILES] [-f FORKS]
               [-M MODULE_PATH] [--playbook-dir BASEDIR] [-a MODULE_ARGS] [-m MODULE_NAME]
               pattern

Define and run a single task 'playbook' against a set of hosts

positional arguments:
  pattern               host pattern

optional arguments:
  --ask-vault-pass      ask for vault password
  --list-hosts          outputs a list of matching hosts; does not execute anything else
  --playbook-dir BASEDIR
                        Since this tool does not use playbooks, use this as a substitute playbook directory.This sets the relative path for many features
                        including roles/ group_vars/ etc.
  --syntax-check        perform a syntax check on the playbook, but do not execute it
  --vault-id VAULT_IDS  the vault identity to use
  --vault-password-file VAULT_PASSWORD_FILES
                        vault password file
  --version             show program's version number, config file location, configured module search path, module location, executable location and exit
  -B SECONDS, --background SECONDS
                        run asynchronously, failing after X seconds (default=N/A)
  -C, --check           don't make any changes; instead, try to predict some of the changes that may occur
  -D, --diff            when changing (small) files and templates, show the differences in those files; works great with --check
  -M MODULE_PATH, --module-path MODULE_PATH
                        prepend colon-separated path(s) to module library (default=~/.ansible/plugins/modules:/usr/share/ansible/plugins/modules)
  -P POLL_INTERVAL, --poll POLL_INTERVAL
                        set the poll interval if using -B (default=15)
  -a MODULE_ARGS, --args MODULE_ARGS
                        module arguments
  -e EXTRA_VARS, --extra-vars EXTRA_VARS
                        set additional variables as key=value or YAML/JSON, if filename prepend with @
  -f FORKS, --forks FORKS
                        specify number of parallel processes to use (default=5)
  -h, --help            show this help message and exit
  -i INVENTORY, --inventory INVENTORY, --inventory-file INVENTORY
                        specify inventory host path or comma separated host list. --inventory-file is deprecated
  -l SUBSET, --limit SUBSET
                        further limit selected hosts to an additional pattern
  -m MODULE_NAME, --module-name MODULE_NAME
                        module name to execute (default=command)
  -o, --one-line        condense output
  -t TREE, --tree TREE  log output to this directory
  -v, --verbose         verbose mode (-vvv for more, -vvvv to enable connection debugging)

Privilege Escalation Options:
  control how and which user you become as on target hosts

  --become-method BECOME_METHOD
                        privilege escalation method to use (default=sudo), use `ansible-doc -t become -l` to list valid choices.
  --become-user BECOME_USER
                        run operations as this user (default=root)
  -K, --ask-become-pass
                        ask for privilege escalation password
  -b, --become          run operations with become (does not imply password prompting)

Connection Options:
  control as whom and how to connect to hosts

  --private-key PRIVATE_KEY_FILE, --key-file PRIVATE_KEY_FILE
                        use this file to authenticate the connection
  --scp-extra-args SCP_EXTRA_ARGS
                        specify extra arguments to pass to scp only (e.g. -l)
  --sftp-extra-args SFTP_EXTRA_ARGS
                        specify extra arguments to pass to sftp only (e.g. -f, -l)
  --ssh-common-args SSH_COMMON_ARGS
                        specify common arguments to pass to sftp/scp/ssh (e.g. ProxyCommand)
  --ssh-extra-args SSH_EXTRA_ARGS
                        specify extra arguments to pass to ssh only (e.g. -R)
  -T TIMEOUT, --timeout TIMEOUT
                        override the connection timeout in seconds (default=10)
  -c CONNECTION, --connection CONNECTION
                        connection type to use (default=smart)
  -k, --ask-pass        ask for connection password
  -u REMOTE_USER, --user REMOTE_USER
                        connect as this user (default=None)

Some modules do not make sense in Ad-Hoc (include, meta, etc)
ERROR! No argument passed to command module
root@jyotiranjan-vm-donotdelete:~/ansible_practice#
root@jyotiranjan-vm-donotdelete:~/ansible_practice#
root@jyotiranjan-vm-donotdelete:~/ansible_practice#
root@jyotiranjan-vm-donotdelete:~/ansible_practice#
root@jyotiranjan-vm-donotdelete:~/ansible_practice# ansible --version
ansible 2.9.6
  config file = /root/ansible_practice/ansible.cfg
  configured module search path = ['/root/.ansible/plugins/modules', '/usr/share/ansible/plugins/modules']
  ansible python module location = /usr/lib/python3/dist-packages/ansible
  executable location = /usr/bin/ansible
  python version = 3.8.10 (default, Mar 15 2022, 12:22:08) [GCC 9.4.0]
root@jyotiranjan-vm-donotdelete:~/ansible_practice#
root@jyotiranjan-vm-donotdelete:~/ansible_practice#
root@jyotiranjan-vm-donotdelete:~/ansible_practice#
root@jyotiranjan-vm-donotdelete:~/ansible_practice# # when you come out from that folder then it will reset
root@jyotiranjan-vm-donotdelete:~/ansible_practice#
root@jyotiranjan-vm-donotdelete:~/ansible_practice#
root@jyotiranjan-vm-donotdelete:~/ansible_practice#
root@jyotiranjan-vm-donotdelete:~/ansible_practice# cd ..
root@jyotiranjan-vm-donotdelete:~#
root@jyotiranjan-vm-donotdelete:~#
root@jyotiranjan-vm-donotdelete:~# ansible --version
ansible 2.9.6
  config file = /root/.ansible.cfg
  configured module search path = ['/root/.ansible/plugins/modules', '/usr/share/ansible/plugins/modules']
  ansible python module location = /usr/lib/python3/dist-packages/ansible
  executable location = /usr/bin/ansible
  python version = 3.8.10 (default, Mar 15 2022, 12:22:08) [GCC 9.4.0]
root@jyotiranjan-vm-donotdelete:~#
root@jyotiranjan-vm-donotdelete:~#
root@jyotiranjan-vm-donotdelete:~# ## if you want to make the "/root/ansible_practice/ansible.cfg" universal then you need to copy the file to that folder and add the export command in .bashrc file which present in user's home directory.
root@jyotiranjan-vm-donotdelete:~#
root@jyotiranjan-vm-donotdelete:~#
root@jyotiranjan-vm-donotdelete:~#
root@jyotiranjan-vm-donotdelete:~#
root@jyotiranjan-vm-donotdelete:~# # mkdir ansiblepractice
root@jyotiranjan-vm-donotdelete:~#
root@jyotiranjan-vm-donotdelete:~#
root@jyotiranjan-vm-donotdelete:~# # cp /etc/ansible/ansible.cfg ansiblepractice
root@jyotiranjan-vm-donotdelete:~#
root@jyotiranjan-vm-donotdelete:~# # vi .bashrc
root@jyotiranjan-vm-donotdelete:~# # paste the command "export ANSIBLE_CONFIG=/root/ansiblepractice/ansible.cfg"
root@jyotiranjan-vm-donotdelete:~#
root@jyotiranjan-vm-donotdelete:~#
root@jyotiranjan-vm-donotdelete:~#
root@jyotiranjan-vm-donotdelete:~#
root@jyotiranjan-vm-donotdelete:~# # if the config file is present in both home directory and in any other path then ansible will give preference to ANSIBLE_CONFIG variable value
root@jyotiranjan-vm-donotdelete:~#
root@jyotiranjan-vm-donotdelete:~#
root@jyotiranjan-vm-donotdelete:~# ## we can unset the variable by the command below
root@jyotiranjan-vm-donotdelete:~#
root@jyotiranjan-vm-donotdelete:~#
root@jyotiranjan-vm-donotdelete:~# #unset ANSIBLE_CONFIG
root@jyotiranjan-vm-donotdelete:~#
root@jyotiranjan-vm-donotdelete:~#
root@jyotiranjan-vm-donotdelete:~#
root@jyotiranjan-vm-donotdelete:~# +
+: command not found
root@jyotiranjan-vm-donotdelete:~#
root@jyotiranjan-vm-donotdelete:~#
root@jyotiranjan-vm-donotdelete:~# vi /etc/ansible/ansible.cfg
root@jyotiranjan-vm-donotdelete:~#
root@jyotiranjan-vm-donotdelete:~#
root@jyotiranjan-vm-donotdelete:~#
root@jyotiranjan-vm-donotdelete:~#
root@jyotiranjan-vm-donotdelete:~#
root@jyotiranjan-vm-donotdelete:~#
